// Jest Snapshot v1, https://goo.gl/fbAQLP

exports[`should render list item correctly 1`] = `
<Link
  className="list-item"
  to="/edit/1"
>
  <div>
    <h3
      className="list-item__title"
    >
      gum
    </h3>
    <span
      className="list-item__sub-title"
    >
      Dec 31, 1969
    </span>
  </div>
  <h3
    className="list-item__data"
  >
    $12.03
  </h3>
</Link>
`;
